func MultiArgPlusMultiReturn(
	a int,
	b int,
) (int, float32, error) {
}
