func MultiArgPlusReturn(
	myVar int32,
	myOtherVar string,
) error {
}
