func SingleArgAndReturnWithImport(a some_path.MyType) other_path.OtherType {
}
