type MyServiceApi interface {
	CoolMethod(aNumber float64)
	OnlyRetArgs() (string, error)
}
